{"fields":{"stage":"information_barriers (no segments — no mandatory separation)"},"level":"warn","message":"policy stage is not enforcing","target":"enclave_api","timestamp":"2026-08-25T21:56:20.935Z"}
{"fields":{"stage":"classification (no ceilings — no label restricts any action)"},"level":"warn","message":"policy stage is not enforcing","target":"enclave_api","timestamp":"2026-08-25T21:56:20.935Z"}
{"fields":{"stage":"retention (no policies — nothing blocks deletion)"},"level":"warn","message":"policy stage is not enforcing","target":"enclave_api","timestamp":"2026-08-25T21:56:20.935Z"}
{"fields":{"stage":"authorization (content is self-read only — ENC-126 brings ACL resolution; administrative actions are decided from users.is_admin)"},"level":"warn","message":"policy stage is not enforcing","target":"enclave_api","timestamp":"2026-08-25T21:56:20.935Z"}
{"fields":{"stage":"dlp (MONITOR — evaluates, refuses nothing)"},"level":"warn","message":"policy stage is not enforcing","target":"enclave_api","timestamp":"2026-08-25T21:56:20.936Z"}
{"fields":{"stage":"refresh_guard (every refresh is permitted — a session outlives the network rule that allowed it, up to the refresh lifetime)"},"level":"warn","message":"policy stage is not enforcing","target":"enclave_api","timestamp":"2026-08-25T21:56:20.936Z"}
{"fields":{"max_connections":50,"platform_configured":true},"level":"info","message":"database pools established","target":"enclave_db::pool","timestamp":"2026-08-25T21:56:21.015Z"}
{"fields":{"count":22},"level":"info","message":"applying migrations","target":"enclave_db::migrate","timestamp":"2026-08-25T21:56:21.038Z"}
{"level":"info","message":"relation \"_sqlx_migrations\" already exists, skipping","target":"sqlx::postgres::notice","timestamp":"2026-08-25T21:56:21.042Z"}
{"level":"info","message":"migrations applied","target":"enclave_db::migrate","timestamp":"2026-08-25T21:56:21.046Z"}
{"fields":{"directory":".enc687/dev-keys"},"level":"warn","message":"no signing key is configured: generating a development key on disk. This is reachable only from the community profile on a loopback bind, and the private half sits in a plaintext file — never run a deployment anyone else can reach this way","target":"enclave_api","timestamp":"2026-08-25T21:56:21.046Z"}
{"fields":{"cache_ttl_secs":15},"level":"info","message":"conditional access is reading tenant rules; a tightened rule applies everywhere within the cache TTL","target":"enclave_api","timestamp":"2026-08-25T21:56:21.048Z"}
{"fields":{"cache_ttl_secs":15,"dlp_mode":"MONITOR"},"level":"info","message":"DLP is reading tenant rules from dlp_rules; a newly written rule applies everywhere within the cache TTL, and a tenant with no rules has nothing for this mode to refuse","target":"enclave_api","timestamp":"2026-08-25T21:56:21.048Z"}
{"fields":{"detector_set":"builtin/1","dlp_mode":"MONITOR","facts_unavailable":"FAIL_CLOSED"},"level":"info","message":"DLP is reading security facts; a version with no fact row is unscanned, and what that means is the facts_unavailable policy's to say","target":"enclave_api","timestamp":"2026-08-25T21:56:21.048Z"}
{"level":"info","message":"server.trusted_proxies is empty: every client address is its socket peer and X-Forwarded-For is ignored. Behind a reverse proxy, configure it or conditional access will see the proxy's address on every request","target":"enclave_api","timestamp":"2026-08-25T21:56:21.048Z"}
{"fields":{"audience":"enclave-api","issuer":"https://enclave.test"},"level":"info","message":"the authentication surface is wired; /api/v1/auth/* can issue tokens","target":"enclave_api","timestamp":"2026-08-25T21:56:23.102Z"}
{"fields":{"capability":"object storage — uploads, downloads and rendition reads will be refused"},"level":"warn","message":"delivery capability is not configured","target":"enclave_api","timestamp":"2026-08-25T21:56:23.102Z"}
{"fields":{"addr":"127.0.0.1:8099"},"level":"info","message":"enclave-api listening","target":"enclave_api","timestamp":"2026-08-25T21:56:23.102Z"}
{"fields":{"action":"container.read","blocked":false,"mode":"MONITOR","resource":"user:0687b727-8634-5685-b717-6db82332f580","rules_fired":0,"unscanned":false,"would_block":false},"level":"info","message":"dlp evaluated","target":"enclave_dlp::observation","timestamp":"2026-08-25T21:56:40.984Z"}
{"fields":{"action":"container.read","blocked":false,"mode":"MONITOR","resource":"user:0687b727-8634-5685-b717-6db82332f580","rules_fired":0,"unscanned":false,"would_block":false},"level":"info","message":"dlp evaluated","target":"enclave_dlp::observation","timestamp":"2026-08-25T21:56:41.005Z"}
{"fields":{"action":"container.delete","blocked":false,"mode":"MONITOR","resource":"user:0687b727-8634-5685-b717-6db82332f580","rules_fired":0,"unscanned":false,"would_block":false},"level":"info","message":"dlp evaluated","target":"enclave_dlp::observation","timestamp":"2026-08-25T22:00:06.971Z"}
